<html>
<body>
<pre>
<h1>µVision Build Log</h1>
<h2>Tool Versions:</h2>
IDE-Version: µVision V5.36.0.0
Copyright (C) 2021 ARM Ltd and ARM Germany GmbH. All rights reserved.
License Information: bo se, pa, LIC=RC93N-Y3199-HLLCL-00RI1-TH5EJ-TR86C
 
Tool Versions:
Toolchain:       MDK-ARM Plus  Version: 5.36.0.0
Toolchain Path:  C:\Keil_v5\ARM\ARMCLANG\Bin
C Compiler:      ArmClang.exe V6.16
Assembler:       Armasm.exe V6.16
Linker/Locator:  ArmLink.exe V6.16
Library Manager: ArmAr.exe V6.16
Hex Converter:   FromElf.exe V6.16
CPU DLL:         SARMCM3.DLL V5.36.0.0
Dialog DLL:      DCM.DLL V1.17.3.0
Target DLL:      Segger\JL2CM3.dll V2.99.40.0
Dialog DLL:      TCM.DLL V1.53.0.0
 
<h2>Project:</h2>
C:\git\thermocirculator\keil\gd32e103c8t6.uvprojx
Project File Date:  01/11/2025

<h2>Output:</h2>
*** Using Compiler 'V6.16', folder: 'C:\Keil_v5\ARM\ARMCLANG\Bin'
Build target 'Target'
main.c(1): warning: In file included from...
C:/Users/bspch/AppData/Local/Arm/Packs/GigaDevice/GD32E10x_DFP/1.3.0/Device/Include/gd32e10x_libopt.h(68): warning: In file included from...
C:/Users/bspch/AppData/Local/Arm/Packs/GigaDevice/GD32E10x_DFP/1.3.0/Device/Firmware/Peripherals/inc\gd32e10x_timer.h(258): warning: padding struct 'timer_parameter_struct' with 2 bytes to align 'period' [-Wpadded]
    uint32_t period;                                         /*!< period value */
             ^
C:/Users/bspch/AppData/Local/Arm/Packs/GigaDevice/GD32E10x_DFP/1.3.0/Device/Firmware/Peripherals/inc\gd32e10x_timer.h(253): warning: padding size of 'timer_parameter_struct' with 1 byte to alignment boundary [-Wpadded]
typedef struct
        ^
2 warnings generated.
compiling main.c...
linking...
Program Size: Code=1836 RO-data=352 RW-data=0 ZI-data=2144  
FromELF: creating hex file...
".\Objects\gd32e103c8t6.axf" - 0 Error(s), 2 Warning(s).

<h2>Software Packages used:</h2>

Package Vendor: ARM
                http://www.keil.com/pack/ARM.CMSIS.5.9.0.pack
                ARM.CMSIS.5.9.0
                CMSIS (Common Microcontroller Software Interface Standard)
   * Component: CORE Version: 5.6.0

Package Vendor: GigaDevice
                https://gd32mcu.com/data/documents/pack/GigaDevice.GD32E10x_DFP.1.3.0.pack
                GigaDevice.GD32E10x_DFP.1.3.0
                GigaDevice GD32E10x Series Device Support and Examples
   * Component: GD32E10x Version: 1.5.0
   * Component: ADC Version: 1.5.0
   * Component: EXTI Version: 1.5.0
   * Component: FMC Version: 1.5.0
   * Component: GPIO Version: 1.5.0
   * Component: MISC Version: 1.5.0
   * Component: PMU Version: 1.5.0
   * Component: RCU Version: 1.5.0
   * Component: RTC Version: 1.5.0
   * Component: TIMER Version: 1.5.0
   * Component: USART Version: 1.5.0
   * Component: GD32E10x_libopt Version: 1.5.0
   * Component: Startup Version: 1.5.0

<h2>Collection of Component include folders:</h2>
  .\RTE\_Target
  C:\Users\bspch\AppData\Local\Arm\Packs\ARM\CMSIS\5.9.0\CMSIS\Core\Include
  C:\Users\bspch\AppData\Local\Arm\Packs\GigaDevice\GD32E10x_DFP\1.3.0\Device\Firmware\Peripherals\inc
  C:\Users\bspch\AppData\Local\Arm\Packs\GigaDevice\GD32E10x_DFP\1.3.0\Device\Include
  C:\Users\bspch\AppData\Local\Arm\Packs\GigaDevice\GD32E10x_DFP\1.3.0\Device\Utilities

<h2>Collection of Component Files used:</h2>

   * Component: ARM::CMSIS:CORE:5.6.0

   * Component: GigaDevice::Device:EVAL:GD32E10x:1.5.0
      Source file:   Device\Utilities\gd32e10x_eval.c
      Include file:  Device\Utilities\gd32e10x_eval.h

   * Component: GigaDevice::Device:GD32E10x_StdPeripherals:ADC:1.5.0
      Include file:  Device\Firmware\Peripherals\inc\gd32e10x_adc.h
      Source file:   Device\Firmware\Peripherals\src\gd32e10x_adc.c

   * Component: GigaDevice::Device:GD32E10x_StdPeripherals:EXTI:1.5.0
      Source file:   Device\Firmware\Peripherals\src\gd32e10x_exti.c
      Include file:  Device\Firmware\Peripherals\inc\gd32e10x_exti.h

   * Component: GigaDevice::Device:GD32E10x_StdPeripherals:FMC:1.5.0
      Source file:   Device\Firmware\Peripherals\src\gd32e10x_fmc.c
      Include file:  Device\Firmware\Peripherals\inc\gd32e10x_fmc.h

   * Component: GigaDevice::Device:GD32E10x_StdPeripherals:GPIO:1.5.0
      Source file:   Device\Firmware\Peripherals\src\gd32e10x_gpio.c
      Include file:  Device\Firmware\Peripherals\inc\gd32e10x_gpio.h

   * Component: GigaDevice::Device:GD32E10x_StdPeripherals:MISC:1.5.0
      Source file:   Device\Firmware\Peripherals\src\gd32e10x_misc.c
      Include file:  Device\Firmware\Peripherals\inc\gd32e10x_misc.h

   * Component: GigaDevice::Device:GD32E10x_StdPeripherals:PMU:1.5.0
      Include file:  Device\Firmware\Peripherals\inc\gd32e10x_pmu.h
      Source file:   Device\Firmware\Peripherals\src\gd32e10x_pmu.c

   * Component: GigaDevice::Device:GD32E10x_StdPeripherals:RCU:1.5.0
      Include file:  Device\Firmware\Peripherals\inc\gd32e10x_rcu.h
      Source file:   Device\Firmware\Peripherals\src\gd32e10x_rcu.c

   * Component: GigaDevice::Device:GD32E10x_StdPeripherals:RTC:1.5.0
      Include file:  Device\Firmware\Peripherals\inc\gd32e10x_rtc.h
      Source file:   Device\Firmware\Peripherals\src\gd32e10x_rtc.c

   * Component: GigaDevice::Device:GD32E10x_StdPeripherals:TIMER:1.5.0
      Include file:  Device\Firmware\Peripherals\inc\gd32e10x_timer.h
      Source file:   Device\Firmware\Peripherals\src\gd32e10x_timer.c

   * Component: GigaDevice::Device:GD32E10x_StdPeripherals:USART:1.5.0
      Include file:  Device\Firmware\Peripherals\inc\gd32e10x_usart.h
      Source file:   Device\Firmware\Peripherals\src\gd32e10x_usart.c

   * Component: GigaDevice::Device:GD32E10x_libopt:1.5.0
      Include file:  Device\Include\gd32e10x_libopt.h

   * Component: GigaDevice::Device:Startup:1.5.0
      Source file:   Device\Source\system_gd32e10x.c
      Include file:  Device\Include\gd32e10x.h
      Source file:   Device\Source\ARM\startup_gd32e10x.s
Build Time Elapsed:  00:00:01
</pre>
</body>
</html>
