<html>
<body>
<pre>
<h1>µVision Build Log</h1>
<h2>Tool Versions:</h2>
IDE-Version: µVision V5.36.0.0
Copyright (C) 2021 ARM Ltd and ARM Germany GmbH. All rights reserved.
License Information: bo se, pa, LIC=RC93N-Y3199-HLLCL-00RI1-TH5EJ-TR86C
 
Tool Versions:
Toolchain:       MDK-ARM Plus  Version: 5.36.0.0
Toolchain Path:  C:\Keil_v5\ARM\ARMCLANG\Bin
C Compiler:      ArmClang.exe V6.16
Assembler:       Armasm.exe V6.16
Linker/Locator:  ArmLink.exe V6.16
Library Manager: ArmAr.exe V6.16
Hex Converter:   FromElf.exe V6.16
CPU DLL:         SARMCM3.DLL V5.36.0.0
Dialog DLL:      DCM.DLL V1.17.3.0
Target DLL:      Segger\JL2CM3.dll V2.99.40.0
Dialog DLL:      TCM.DLL V1.53.0.0
 
<h2>Project:</h2>
C:\git\thermocirculator\keil\gd32e103c8t6.uvprojx
Project File Date:  04/13/2025

<h2>Output:</h2>
*** Using Compiler 'V6.16', folder: 'C:\Keil_v5\ARM\ARMCLANG\Bin'
Rebuild target 'Target'
compiling adc.c...
compiling main.c...
Core/Src/gd32e10_it.c(4): warning: function 'NMI_Handler' could be declared with attribute 'noreturn' [-Wmissing-noreturn]
{
^
Core/Src/gd32e10_it.c(11): warning: function 'HardFault_Handler' could be declared with attribute 'noreturn' [-Wmissing-noreturn]
{
^
2 warnings generated.
compiling gd32e10_it.c...
compiling gpio.c...
compiling rtc.c...
Core/Src/tim.c(1): warning: In file included from...
./Core/Inc\tim.h(4): warning: In file included from...
./Core/Inc/main.h(8): warning: In file included from...
C:/Users/bspch/AppData/Local/Arm/Packs/GigaDevice/GD32E10x_DFP/1.3.0/Device/Include\gd32e10x.h(249): warning: In file included from...
C:/Users/bspch/AppData/Local/Arm/Packs/GigaDevice/GD32E10x_DFP/1.3.0/Device/Include/gd32e10x_libopt.h(68): warning: In file included from...
C:/Users/bspch/AppData/Local/Arm/Packs/GigaDevice/GD32E10x_DFP/1.3.0/Device/Firmware/Peripherals/inc\gd32e10x_timer.h(258): warning: padding struct 'timer_parameter_struct' with 2 bytes to align 'period' [-Wpadded]
    uint32_t period;                                         /*!< period value */
             ^
C:/Users/bspch/AppData/Local/Arm/Packs/GigaDevice/GD32E10x_DFP/1.3.0/Device/Firmware/Peripherals/inc\gd32e10x_timer.h(253): warning: padding size of 'timer_parameter_struct' with 1 byte to alignment boundary [-Wpadded]
typedef struct
        ^
2 warnings generated.
compiling tim.c...
User program/Src/heater_control.c(93): warning: ISO C requires a translation unit to contain at least one declaration [-Wempty-translation-unit]
//}
   ^
1 warning generated.
compiling heater_control.c...
User program/Src/flash_work.c(147): warning: ISO C requires a translation unit to contain at least one declaration [-Wempty-translation-unit]
//}
   ^
1 warning generated.
compiling flash_work.c...
User program/Src/temperature_measurement.c(180): warning: ISO C requires a translation unit to contain at least one declaration [-Wempty-translation-unit]
//}
   ^
1 warning generated.
compiling temperature_measurement.c...
User program/Src/user_interface.c(713): warning: ISO C requires a translation unit to contain at least one declaration [-Wempty-translation-unit]
//}
   ^
1 warning generated.
compiling user_interface.c...
LCD1602/LCD1602.c(548): warning: ISO C requires a translation unit to contain at least one declaration [-Wempty-translation-unit]
///************************ (C) COPYRIGHT GKP *****END OF FILE****/
                                                                   ^
1 warning generated.
compiling LCD1602.c...
compiling LCD1602_Font_Cyrillic.c...
compiling systick.c...
compiling gd32e10x_adc.c...
compiling gd32e10x_eval.c...
RTE/Device/GD32E103C8/gd32e10x_exti.c(88): warning: default label in switch which covers all enumeration values [-Wcovered-switch-default]
    default:
    ^
RTE/Device/GD32E103C8/gd32e10x_exti.c(106): warning: default label in switch which covers all enumeration values [-Wcovered-switch-default]
    default:
    ^
2 warnings generated.
compiling gd32e10x_exti.c...
compiling gd32e10x_gpio.c...
compiling gd32e10x_misc.c...
compiling gd32e10x_pmu.c...
compiling gd32e10x_fmc.c...
RTE/Device/GD32E103C8/gd32e10x_rcu.c(944): warning: default label in switch which covers all enumeration values [-Wcovered-switch-default]
    default:
    ^
RTE/Device/GD32E103C8/gd32e10x_rcu.c(1025): warning: default label in switch which covers all enumeration values [-Wcovered-switch-default]
    default:
    ^
RTE/Device/GD32E103C8/gd32e10x_rcu.c(1063): warning: default label in switch which covers all enumeration values [-Wcovered-switch-default]
    default:
    ^
RTE/Device/GD32E103C8/gd32e10x_rcu.c(1243): warning: default label in switch which covers all enumeration values [-Wcovered-switch-default]
    default:
    ^
4 warnings generated.
compiling gd32e10x_rcu.c...
compiling gd32e10x_rtc.c...
assembling startup_gd32e10x.s...
RTE/Device/GD32E103C8/gd32e10x_usart.c(292): warning: default label in switch which covers all enumeration values [-Wcovered-switch-default]
    default:
    ^
1 warning generated.
compiling gd32e10x_usart.c...
RTE/Device/GD32E103C8/gd32e10x_timer.c(35): warning: In file included from...
C:/Users/bspch/AppData/Local/Arm/Packs/GigaDevice/GD32E10x_DFP/1.3.0/Device/Firmware/Peripherals/inc\gd32e10x_timer.h(258): warning: padding struct 'timer_parameter_struct' with 2 bytes to align 'period' [-Wpadded]
    uint32_t period;                                         /*!< period value */
             ^
C:/Users/bspch/AppData/Local/Arm/Packs/GigaDevice/GD32E10x_DFP/1.3.0/Device/Firmware/Peripherals/inc\gd32e10x_timer.h(253): warning: padding size of 'timer_parameter_struct' with 1 byte to alignment boundary [-Wpadded]
typedef struct
        ^
2 warnings generated.
compiling gd32e10x_timer.c...
compiling system_gd32e10x.c...
linking...
Program Size: Code=4896 RO-data=368 RW-data=4 ZI-data=2156  
FromELF: creating hex file...
".\Objects\gd32e103c8t6.axf" - 0 Error(s), 18 Warning(s).

<h2>Software Packages used:</h2>

Package Vendor: ARM
                http://www.keil.com/pack/ARM.CMSIS.5.9.0.pack
                ARM.CMSIS.5.9.0
                CMSIS (Common Microcontroller Software Interface Standard)
   * Component: CORE Version: 5.6.0

Package Vendor: GigaDevice
                https://gd32mcu.com/data/documents/pack/GigaDevice.GD32E10x_DFP.1.3.0.pack
                GigaDevice.GD32E10x_DFP.1.3.0
                GigaDevice GD32E10x Series Device Support and Examples
   * Component: GD32E10x Version: 1.5.0
   * Component: ADC Version: 1.5.0
   * Component: EXTI Version: 1.5.0
   * Component: FMC Version: 1.5.0
   * Component: GPIO Version: 1.5.0
   * Component: MISC Version: 1.5.0
   * Component: PMU Version: 1.5.0
   * Component: RCU Version: 1.5.0
   * Component: RTC Version: 1.5.0
   * Component: TIMER Version: 1.5.0
   * Component: USART Version: 1.5.0
   * Component: GD32E10x_libopt Version: 1.5.0
   * Component: Startup Version: 1.5.0

<h2>Collection of Component include folders:</h2>
  .\RTE\_Target
  C:\Users\bspch\AppData\Local\Arm\Packs\ARM\CMSIS\5.9.0\CMSIS\Core\Include
  C:\Users\bspch\AppData\Local\Arm\Packs\GigaDevice\GD32E10x_DFP\1.3.0\Device\Firmware\Peripherals\inc
  C:\Users\bspch\AppData\Local\Arm\Packs\GigaDevice\GD32E10x_DFP\1.3.0\Device\Include
  C:\Users\bspch\AppData\Local\Arm\Packs\GigaDevice\GD32E10x_DFP\1.3.0\Device\Utilities

<h2>Collection of Component Files used:</h2>

   * Component: ARM::CMSIS:CORE:5.6.0

   * Component: GigaDevice::Device:EVAL:GD32E10x:1.5.0
      Include file:  Device\Utilities\gd32e10x_eval.h
      Source file:   Device\Utilities\gd32e10x_eval.c

   * Component: GigaDevice::Device:GD32E10x_StdPeripherals:ADC:1.5.0
      Include file:  Device\Firmware\Peripherals\inc\gd32e10x_adc.h
      Source file:   Device\Firmware\Peripherals\src\gd32e10x_adc.c

   * Component: GigaDevice::Device:GD32E10x_StdPeripherals:EXTI:1.5.0
      Source file:   Device\Firmware\Peripherals\src\gd32e10x_exti.c
      Include file:  Device\Firmware\Peripherals\inc\gd32e10x_exti.h

   * Component: GigaDevice::Device:GD32E10x_StdPeripherals:FMC:1.5.0
      Include file:  Device\Firmware\Peripherals\inc\gd32e10x_fmc.h
      Source file:   Device\Firmware\Peripherals\src\gd32e10x_fmc.c

   * Component: GigaDevice::Device:GD32E10x_StdPeripherals:GPIO:1.5.0
      Include file:  Device\Firmware\Peripherals\inc\gd32e10x_gpio.h
      Source file:   Device\Firmware\Peripherals\src\gd32e10x_gpio.c

   * Component: GigaDevice::Device:GD32E10x_StdPeripherals:MISC:1.5.0
      Include file:  Device\Firmware\Peripherals\inc\gd32e10x_misc.h
      Source file:   Device\Firmware\Peripherals\src\gd32e10x_misc.c

   * Component: GigaDevice::Device:GD32E10x_StdPeripherals:PMU:1.5.0
      Source file:   Device\Firmware\Peripherals\src\gd32e10x_pmu.c
      Include file:  Device\Firmware\Peripherals\inc\gd32e10x_pmu.h

   * Component: GigaDevice::Device:GD32E10x_StdPeripherals:RCU:1.5.0
      Source file:   Device\Firmware\Peripherals\src\gd32e10x_rcu.c
      Include file:  Device\Firmware\Peripherals\inc\gd32e10x_rcu.h

   * Component: GigaDevice::Device:GD32E10x_StdPeripherals:RTC:1.5.0
      Source file:   Device\Firmware\Peripherals\src\gd32e10x_rtc.c
      Include file:  Device\Firmware\Peripherals\inc\gd32e10x_rtc.h

   * Component: GigaDevice::Device:GD32E10x_StdPeripherals:TIMER:1.5.0
      Include file:  Device\Firmware\Peripherals\inc\gd32e10x_timer.h
      Source file:   Device\Firmware\Peripherals\src\gd32e10x_timer.c

   * Component: GigaDevice::Device:GD32E10x_StdPeripherals:USART:1.5.0
      Source file:   Device\Firmware\Peripherals\src\gd32e10x_usart.c
      Include file:  Device\Firmware\Peripherals\inc\gd32e10x_usart.h

   * Component: GigaDevice::Device:GD32E10x_libopt:1.5.0
      Include file:  Device\Include\gd32e10x_libopt.h

   * Component: GigaDevice::Device:Startup:1.5.0
      Source file:   Device\Source\ARM\startup_gd32e10x.s
      Include file:  Device\Include\gd32e10x.h
      Source file:   Device\Source\system_gd32e10x.c
Build Time Elapsed:  00:00:05
</pre>
</body>
</html>
